00:49:17 stopping proxy (if any) and production
00:49:42 loading candidate on 18141
00:53:47 healthy after 213s
00:53:47 mapped libs: validated-chunk16-bin/libggml.so.0.22.0 validated-chunk16-bin/libllama-common.so.0.3.0 validated-chunk16-bin/libllama-server-impl.so validated-chunk16-bin/libmtmd.so.0.3.0 glm-fix/libggml-base.so.0.22.0 deploy/libllama.so.0.3.0 build/libggml-cpu.so.0.22.0
00:54:37 battery agreement A vs B: 2 / 10
00:54:53 probs short: A-vs-B common prefix 16/64, max|dlogp| 7.98e-02, mean 4.99e-03; B==C text True; tps A 16.04 B 13.27 C 13.43
00:57:03 probs long: A-vs-B common prefix 3/64, max|dlogp| 4.56e-01, mean 1.52e-01; B==C text True; tps A 16.98 B 14.90 C 14.91
00:58:15 paseo cold A: 16.16508594016392
00:58:32 paseo warm 0 mode A: 16.217 tok/s gen 256.0 draft 196.0 acc 157.0 steps 98.0 cached 4029.0
00:58:49 paseo warm 1 mode B: 17.053 tok/s gen 257.0 draft 196.0 acc 158.0 steps 98.0 cached 4029.0
00:59:05 paseo warm 2 mode C: 17.804 tok/s gen 257.0 draft 196.0 acc 158.0 steps 98.0 cached 4029.0
00:59:21 paseo warm 3 mode C: 17.657 tok/s gen 257.0 draft 196.0 acc 158.0 steps 98.0 cached 4029.0
00:59:37 paseo warm 4 mode B: 17.243 tok/s gen 257.0 draft 196.0 acc 158.0 steps 98.0 cached 4029.0
00:59:55 paseo warm 5 mode A: 16.256 tok/s gen 256.0 draft 196.0 acc 157.0 steps 98.0 cached 4029.0
01:00:12 paseo warm 6 mode A: 16.268 tok/s gen 256.0 draft 196.0 acc 157.0 steps 98.0 cached 4029.0
01:00:28 paseo warm 7 mode B: 17.304 tok/s gen 257.0 draft 196.0 acc 158.0 steps 98.0 cached 4029.0
01:00:44 paseo warm 8 mode C: 17.507 tok/s gen 257.0 draft 196.0 acc 158.0 steps 98.0 cached 4029.0
01:01:01 paseo warm 9 mode C: 17.483 tok/s gen 257.0 draft 196.0 acc 158.0 steps 98.0 cached 4029.0
01:01:17 paseo warm 10 mode B: 17.299 tok/s gen 257.0 draft 196.0 acc 158.0 steps 98.0 cached 4029.0
01:01:34 paseo warm 11 mode A: 16.203 tok/s gen 256.0 draft 196.0 acc 157.0 steps 98.0 cached 4029.0
01:02:15 native mode A: 14.26 / 16.48 / 16.27  acc 95/189 / 108/165 / 106/168
01:02:55 native mode C: 14.79 / 16.62 / 16.40  acc 98/184 / 109/162 / 106/168
01:03:37 native mode C: 14.84 / 14.54 / 15.84  acc 99/182 / 98/185 / 105/170
01:04:17 native mode A: 13.99 / 16.33 / 16.23  acc 94/191 / 108/165 / 106/168
01:04:17 restoring production
01:08:20 production healthy: True window 1142s
01:08:20 SUMMARY warm mode A: mean 16.236 tok/s  n=4  [16.22, 16.26, 16.27, 16.20]
01:08:20 SUMMARY warm mode B: mean 17.225 tok/s  n=4  [17.05, 17.24, 17.30, 17.30]
01:08:20 SUMMARY warm mode C: mean 17.613 tok/s  n=4  [17.80, 17.66, 17.51, 17.48]
