11:48:21 stopping proxy (if any) and production
11:48:47 loading candidate on 18141
11:52:56 GOMP_SPINCOUNT = 20000
11:52:56 healthy after 215s
11:52:56 mapped libs: validated-chunk16-bin/libggml.so.0.22.0 validated-chunk16-bin/libllama-server-impl.so validated-chunk16-bin/libmtmd.so.0.3.0 build/libggml-base.so.0.22.0 build-couple/libllama-common.so.0.3.0 build-dispatch/libggml-cpu.so.0.22.0 build-qrows/libllama.so.0.3.0
11:54:08 paseo greedy cold R: 19.240763577576914 hash 424f201528
11:54:25 paseo greedy 0 mode R: 19.301 tok/s gen 281.0 acc 175.0/214.0 steps 107.0 hash 424f201528
11:54:40 paseo greedy 1 mode E: 20.092 tok/s gen 281.0 acc 175.0/214.0 steps 107.0 hash 424f201528
11:54:55 paseo greedy 2 mode T: 20.053 tok/s gen 281.0 acc 175.0/214.0 steps 107.0 hash 424f201528
11:55:11 paseo greedy 3 mode B: 19.511 tok/s gen 281.0 acc 175.0/214.0 steps 107.0 hash 424f201528
11:55:27 paseo greedy 4 mode R: 19.345 tok/s gen 281.0 acc 175.0/214.0 steps 107.0 hash 424f201528
11:55:42 paseo greedy 5 mode E: 20.211 tok/s gen 281.0 acc 175.0/214.0 steps 107.0 hash 424f201528
11:55:58 paseo greedy 6 mode T: 20.074 tok/s gen 281.0 acc 175.0/214.0 steps 107.0 hash 424f201528
11:56:14 paseo greedy 7 mode B: 19.414 tok/s gen 281.0 acc 175.0/214.0 steps 107.0 hash 424f201528
11:56:30 paseo greedy 8 mode R: 19.251 tok/s gen 281.0 acc 175.0/214.0 steps 107.0 hash 424f201528
11:56:46 paseo greedy 9 mode E: 20.238 tok/s gen 281.0 acc 175.0/214.0 steps 107.0 hash 424f201528
11:56:56 probs short: R-vs-E common prefix 64/64, max|dlogp| 0.00e+00; acc R 31/63 E 31/63; tps R 15.04 E 15.79
11:59:01 probs long: R-vs-E common prefix 64/64, max|dlogp| 0.00e+00; acc R 41/42 E 41/42; tps R 19.50 E 20.24
11:59:18 paseo sampled 0 mode E: 19.159 tok/s gen 293.0 acc 179.0/230.0 = 0.778 steps 115.0
11:59:33 paseo sampled 1 mode R: 18.239 tok/s gen 253.0 acc 153.0/200.0 = 0.765 steps 100.0
11:59:50 paseo sampled 2 mode E: 18.961 tok/s gen 277.0 acc 166.0/222.0 = 0.748 steps 111.0
12:00:06 paseo sampled 3 mode R: 18.119 tok/s gen 271.0 acc 163.0/214.0 = 0.762 steps 107.0
12:00:22 paseo sampled 4 mode E: 18.950 tok/s gen 274.0 acc 164.0/220.0 = 0.745 steps 110.0
12:00:39 paseo sampled 5 mode R: 18.175 tok/s gen 285.0 acc 171.0/228.0 = 0.750 steps 114.0
12:00:56 paseo sampled 6 mode E: 17.697 tok/s gen 262.0 acc 150.0/224.0 = 0.670 steps 112.0
12:01:13 paseo sampled 7 mode R: 17.803 tok/s gen 275.0 acc 164.0/224.0 = 0.732 steps 112.0
12:01:29 paseo sampled 8 mode E: 18.813 tok/s gen 279.0 acc 167.0/224.0 = 0.746 steps 112.0
12:01:45 paseo sampled 9 mode R: 18.249 tok/s gen 265.0 acc 160.0/210.0 = 0.762 steps 105.0
12:02:01 paseo sampled 10 mode E: 19.153 tok/s gen 269.0 acc 162.0/212.0 = 0.764 steps 106.0
12:02:16 paseo sampled 11 mode R: 17.318 tok/s gen 231.0 acc 135.0/194.0 = 0.696 steps 97.0
12:04:48 13K-token context mode R: 16.016 tok/s acc 54/82 hash cd2974bd8f
12:04:54 13K-token context mode E: 17.092 tok/s acc 55/80 hash cd2974bd8f
12:05:01 13K-token context mode R: 16.288 tok/s acc 55/80 hash cd2974bd8f
12:05:07 13K-token context mode E: 16.872 tok/s acc 55/80 hash cd2974bd8f
12:05:22 phase mode R (greedy, native prompt): mode 127: tg 17.000  cycle 133.08 ms | target total 119.96 (compute 119.72, reused 84/85) | draft graphs/cycle 1.99 total/cycle 10.86 (compute 10.79, prepare 0.02) | outside graphs 2.26
12:05:36 phase mode E (greedy, native prompt): mode 127: tg 17.772  cycle 126.92 ms | target total 115.73 (compute 115.49, reused 84/85) | draft graphs/cycle 1.99 total/cycle 9.26 (compute 9.20, prepare 0.02) | outside graphs 1.93
12:05:49 phase mode T (greedy, native prompt): mode 127: tg 17.728  cycle 127.41 ms | target total 116.46 (compute 116.24, reused 84/85) | draft graphs/cycle 1.99 total/cycle 8.94 (compute 8.88, prepare 0.02) | outside graphs 2.01
12:05:49 restoring production
12:10:00 production healthy: True window 1300s
12:10:00 SUMMARY greedy mode B: mean 19.463 tok/s  n=2  acceptance 350.0/428.0 = 0.818  [19.51, 19.41]
12:10:00 SUMMARY greedy mode E: mean 20.180 tok/s  n=3  acceptance 525.0/642.0 = 0.818  [20.09, 20.21, 20.24]
12:10:00 SUMMARY greedy mode R: mean 19.299 tok/s  n=3  acceptance 525.0/642.0 = 0.818  [19.30, 19.35, 19.25]
12:10:00 SUMMARY greedy mode T: mean 20.064 tok/s  n=2  acceptance 350.0/428.0 = 0.818  [20.05, 20.07]
12:10:00 SUMMARY sampled mode E: mean 18.789 tok/s  n=6  acceptance 988.0/1332.0 = 0.742  [19.16, 18.96, 18.95, 17.70, 18.81, 19.15]
12:10:00 SUMMARY sampled mode R: mean 17.984 tok/s  n=6  acceptance 946.0/1270.0 = 0.745  [18.24, 18.12, 18.17, 17.80, 18.25, 17.32]
