13:20:28 stopping proxy (if any) and production
13:20:53 loading candidate on 18141
13:25:01 GOMP_SPINCOUNT = 20000
13:25:01 healthy after 216s
13:25:02 mapped libs: validated-chunk16-bin/libggml.so.0.22.0 validated-chunk16-bin/libllama-server-impl.so validated-chunk16-bin/libmtmd.so.0.3.0 build/libggml-base.so.0.22.0 build-couple/libllama-common.so.0.3.0 build-all/libggml-cpu.so.0.22.0 build-qrows/libllama.so.0.3.0
13:26:16 paseo greedy cold E: 19.661555361972034 hash 424f201528
13:26:32 paseo greedy 0 mode E: 19.299 tok/s gen 281.0 acc 175.0/214.0 steps 107.0 hash 424f201528
13:26:47 paseo greedy 1 mode F: 20.165 tok/s gen 281.0 acc 175.0/214.0 steps 107.0 hash 424f201528
13:27:03 paseo greedy 2 mode F: 20.190 tok/s gen 281.0 acc 175.0/214.0 steps 107.0 hash 424f201528
13:27:19 paseo greedy 3 mode E: 19.680 tok/s gen 281.0 acc 175.0/214.0 steps 107.0 hash 424f201528
13:27:35 paseo greedy 4 mode E: 19.646 tok/s gen 281.0 acc 175.0/214.0 steps 107.0 hash 424f201528
13:27:50 paseo greedy 5 mode F: 20.201 tok/s gen 281.0 acc 175.0/214.0 steps 107.0 hash 424f201528
13:28:05 paseo greedy 6 mode F: 20.151 tok/s gen 281.0 acc 175.0/214.0 steps 107.0 hash 424f201528
13:28:21 paseo greedy 7 mode E: 19.639 tok/s gen 281.0 acc 175.0/214.0 steps 107.0 hash 424f201528
13:28:32 probs short: E-vs-F common prefix 64/64, max|dlogp| 0.00e+00; acc E 31/63 F 31/63; tps E 14.51 F 15.56
13:30:41 probs long: E-vs-F common prefix 64/64, max|dlogp| 0.00e+00; acc E 41/42 F 41/42; tps E 19.67 F 20.13
13:30:57 paseo sampled 0 mode F: 18.317 tok/s gen 269.0 acc 158.0/220.0 = 0.718 steps 110.0
13:31:14 paseo sampled 1 mode E: 17.350 tok/s gen 262.0 acc 151.0/220.0 = 0.686 steps 110.0
13:31:31 paseo sampled 2 mode F: 18.674 tok/s gen 276.0 acc 166.0/218.0 = 0.761 steps 109.0
13:31:50 paseo sampled 3 mode E: 18.847 tok/s gen 329.0 acc 203.0/254.0 = 0.799 steps 127.0
13:32:07 paseo sampled 4 mode F: 18.095 tok/s gen 283.0 acc 166.0/234.0 = 0.709 steps 117.0
13:32:22 paseo sampled 5 mode E: 18.975 tok/s gen 254.0 acc 155.0/196.0 = 0.791 steps 98.0
13:32:38 paseo sampled 6 mode F: 18.714 tok/s gen 269.0 acc 161.0/216.0 = 0.745 steps 108.0
13:32:54 paseo sampled 7 mode E: 18.802 tok/s gen 271.0 acc 165.0/210.0 = 0.786 steps 105.0
13:33:10 paseo sampled 8 mode F: 18.657 tok/s gen 271.0 acc 163.0/214.0 = 0.762 steps 107.0
13:33:28 paseo sampled 9 mode E: 18.477 tok/s gen 290.0 acc 175.0/230.0 = 0.761 steps 115.0
13:33:43 paseo sampled 10 mode F: 19.146 tok/s gen 277.0 acc 165.0/222.0 = 0.743 steps 111.0
13:33:59 paseo sampled 11 mode E: 19.159 tok/s gen 277.0 acc 170.0/212.0 = 0.802 steps 106.0
13:36:05 13K-token context mode E: 16.050 tok/s acc 53/84 hash d8876f4c4b
13:36:12 13K-token context mode F: 16.355 tok/s acc 53/84 hash d8876f4c4b
13:36:19 13K-token context mode E: 15.981 tok/s acc 53/84 hash d8876f4c4b
13:36:25 13K-token context mode F: 16.116 tok/s acc 53/84 hash d8876f4c4b
13:36:40 phase mode E (greedy, native prompt): mode 127: tg 17.152  cycle 131.68 ms | target total 120.32 (compute 120.05, reused 84/85) | draft graphs/cycle 1.99 total/cycle 9.09 (compute 9.02, prepare 0.02) | outside graphs 2.27
13:36:53 phase mode F (greedy, native prompt): mode 127: tg 18.004  cycle 125.11 ms | target total 114.06 (compute 113.83, reused 84/85) | draft graphs/cycle 1.99 total/cycle 9.06 (compute 9.00, prepare 0.02) | outside graphs 1.99
13:37:07 phase mode E (greedy, native prompt): mode 127: tg 17.462  cycle 129.02 ms | target total 117.36 (compute 117.11, reused 84/85) | draft graphs/cycle 1.99 total/cycle 9.21 (compute 9.13, prepare 0.02) | outside graphs 2.45
13:37:21 phase mode F (greedy, native prompt): mode 127: tg 17.884  cycle 125.99 ms | target total 114.79 (compute 114.56, reused 84/85) | draft graphs/cycle 1.99 total/cycle 9.10 (compute 9.04, prepare 0.02) | outside graphs 2.10
13:37:21 restoring production
13:41:27 production healthy: True window 1260s
13:41:27 SUMMARY greedy mode E: mean 19.566 tok/s  n=4  acceptance 700.0/856.0 = 0.818  [19.30, 19.68, 19.65, 19.64]
13:41:27 SUMMARY greedy mode F: mean 20.176 tok/s  n=4  acceptance 700.0/856.0 = 0.818  [20.16, 20.19, 20.20, 20.15]
13:41:27 SUMMARY sampled mode E: mean 18.602 tok/s  n=6  acceptance 1019.0/1322.0 = 0.771  [17.35, 18.85, 18.98, 18.80, 18.48, 19.16]
13:41:27 SUMMARY sampled mode F: mean 18.600 tok/s  n=6  acceptance 979.0/1324.0 = 0.739  [18.32, 18.67, 18.09, 18.71, 18.66, 19.15]
