12:32:21 stopping proxy (if any) and production
12:32:46 loading candidate on 18141
12:36:54 GOMP_SPINCOUNT = 20000
12:36:54 healthy after 215s
12:36:54 mapped libs: validated-chunk16-bin/libggml.so.0.22.0 validated-chunk16-bin/libllama-server-impl.so validated-chunk16-bin/libmtmd.so.0.3.0 build/libggml-base.so.0.22.0 build-couple/libllama-common.so.0.3.0 build-dispatch/libggml-cpu.so.0.22.0 build-qrows/libllama.so.0.3.0
12:38:09 paseo greedy cold depth 2: 19.281466873616505 hash 424f201528
12:38:25 paseo greedy 0 depth 2: 19.584 tok/s gen 281.0 acc 175.0/214.0 steps 107.0 tokens/cycle 2.626 hash 424f201528
12:38:59 paseo greedy 1 depth 3: 18.532 tok/s gen 281.0 acc 192.0/270.0 steps 90.0 tokens/cycle 3.122 hash 424f201528
12:39:31 paseo greedy 2 depth 2: 19.674 tok/s gen 281.0 acc 175.0/214.0 steps 107.0 tokens/cycle 2.626 hash 424f201528
12:40:04 paseo greedy 3 depth 3: 18.820 tok/s gen 281.0 acc 192.0/270.0 steps 90.0 tokens/cycle 3.122 hash 424f201528
12:40:36 paseo greedy 4 depth 2: 19.411 tok/s gen 281.0 acc 175.0/214.0 steps 107.0 tokens/cycle 2.626 hash 424f201528
12:41:09 paseo greedy 5 depth 3: 18.844 tok/s gen 281.0 acc 192.0/270.0 steps 90.0 tokens/cycle 3.122 hash 424f201528
12:41:42 paseo sampled block 0 depth 2: 19.712 tok/s gen 297.0 acc 183.0/226.0 = 0.810 steps 113.0 tokens/cycle 2.628
12:41:58 paseo sampled block 0 depth 2: 19.094 tok/s gen 261.0 acc 158.0/204.0 = 0.775 steps 102.0 tokens/cycle 2.559
12:42:14 paseo sampled block 0 depth 2: 18.613 tok/s gen 271.0 acc 162.0/218.0 = 0.743 steps 109.0 tokens/cycle 2.486
12:42:31 paseo sampled block 0 depth 2: 17.994 tok/s gen 272.0 acc 159.0/226.0 = 0.704 steps 113.0 tokens/cycle 2.407
12:42:47 paseo sampled block 0 depth 2: 18.730 tok/s gen 263.0 acc 157.0/210.0 = 0.748 steps 105.0 tokens/cycle 2.505
12:43:21 paseo sampled block 1 depth 3: 17.628 tok/s gen 278.0 acc 184.0/282.0 = 0.652 steps 94.0 tokens/cycle 2.957
12:43:38 paseo sampled block 1 depth 3: 18.583 tok/s gen 273.0 acc 185.0/264.0 = 0.701 steps 88.0 tokens/cycle 3.102
12:43:55 paseo sampled block 1 depth 3: 17.253 tok/s gen 266.0 acc 174.0/279.0 = 0.624 steps 93.0 tokens/cycle 2.860
12:44:12 paseo sampled block 1 depth 3: 18.394 tok/s gen 281.0 acc 188.0/282.0 = 0.667 steps 94.0 tokens/cycle 2.989
12:44:28 paseo sampled block 1 depth 3: 19.091 tok/s gen 274.0 acc 184.0/267.0 = 0.689 steps 89.0 tokens/cycle 3.079
12:44:59 paseo sampled block 2 depth 2: 19.581 tok/s gen 288.0 acc 174.0/226.0 = 0.770 steps 113.0 tokens/cycle 2.549
12:45:16 paseo sampled block 2 depth 2: 19.446 tok/s gen 288.0 acc 175.0/228.0 = 0.768 steps 114.0 tokens/cycle 2.526
12:45:31 paseo sampled block 2 depth 2: 19.358 tok/s gen 258.0 acc 156.0/204.0 = 0.765 steps 102.0 tokens/cycle 2.529
12:45:46 paseo sampled block 2 depth 2: 19.968 tok/s gen 278.0 acc 171.0/214.0 = 0.799 steps 107.0 tokens/cycle 2.598
12:46:02 paseo sampled block 2 depth 2: 17.983 tok/s gen 263.0 acc 152.0/220.0 = 0.691 steps 110.0 tokens/cycle 2.391
12:46:34 paseo sampled block 3 depth 3: 17.597 tok/s gen 262.0 acc 170.0/276.0 = 0.616 steps 92.0 tokens/cycle 2.848
12:46:49 paseo sampled block 3 depth 3: 20.085 tok/s gen 266.0 acc 184.0/246.0 = 0.748 steps 82.0 tokens/cycle 3.244
12:47:06 paseo sampled block 3 depth 3: 17.168 tok/s gen 266.0 acc 171.0/288.0 = 0.594 steps 96.0 tokens/cycle 2.771
12:47:22 paseo sampled block 3 depth 3: 18.582 tok/s gen 262.0 acc 175.0/261.0 = 0.670 steps 87.0 tokens/cycle 3.011
12:47:39 paseo sampled block 3 depth 3: 18.523 tok/s gen 288.0 acc 193.0/288.0 = 0.670 steps 96.0 tokens/cycle 3.000
12:47:56 phase depth 2 (greedy, native prompt): mode 127: tg 16.332  cycle 121.19 ms | target total 109.27 (compute 109.23, reused 95/96) | draft graphs/cycle 1.97 total/cycle 9.80 (compute 9.70, prepare 0.04) | outside graphs 2.13
12:48:15 phase depth 3 (greedy, native prompt): mode 127: tg 14.096  cycle 151.09 ms | target total 133.86 (compute 133.70, reused 88/90) | draft graphs/cycle 2.98 total/cycle 14.11 (compute 13.98, prepare 0.04) | outside graphs 3.13
12:48:31 phase depth 2 (greedy, native prompt): mode 127: tg 16.233  cycle 123.19 ms | target total 110.98 (compute 110.93, reused 95/96) | draft graphs/cycle 1.97 total/cycle 9.76 (compute 9.66, prepare 0.04) | outside graphs 2.46
12:48:50 phase depth 3 (greedy, native prompt): mode 127: tg 14.130  cycle 150.83 ms | target total 133.21 (compute 132.96, reused 88/90) | draft graphs/cycle 2.98 total/cycle 14.15 (compute 14.01, prepare 0.06) | outside graphs 3.47
12:48:50 restoring production
12:52:57 production healthy: True window 1237s
12:52:57 SUMMARY greedy mode 2: mean 19.557 tok/s  n=3  acceptance 525.0/642.0 = 0.818  [19.58, 19.67, 19.41]
12:52:57 SUMMARY greedy mode 3: mean 18.732 tok/s  n=3  acceptance 576.0/810.0 = 0.711  [18.53, 18.82, 18.84]
12:52:57 SUMMARY sampled mode 2: mean 19.048 tok/s  n=10  acceptance 1647.0/2176.0 = 0.757  [19.71, 19.09, 18.61, 17.99, 18.73, 19.58, 19.45, 19.36, 19.97, 17.98]
12:52:57 SUMMARY sampled mode 3: mean 18.290 tok/s  n=10  acceptance 1808.0/2733.0 = 0.662  [17.63, 18.58, 17.25, 18.39, 19.09, 17.60, 20.08, 17.17, 18.58, 18.52]
