01:50:39 stopping proxy (if any) and production
01:51:05 loading candidate on 18141
01:55:16 healthy after 217s
01:55:16 mapped libs: validated-chunk16-bin/libggml.so.0.22.0 validated-chunk16-bin/libllama-server-impl.so validated-chunk16-bin/libmtmd.so.0.3.0 glm-fix/libggml-base.so.0.22.0 deploy/libllama.so.0.3.0 build/libllama-common.so.0.3.0 build/libggml-cpu.so.0.22.0
01:56:04 battery agreement C vs E: 10 / 10
01:56:21 probs short: C-vs-E common prefix 64/64, max|dlogp| 0.00e+00, mean 0.00e+00; E==D text True; tps C 13.45 E 13.61 D 13.48
01:58:33 probs long: C-vs-E common prefix 64/64, max|dlogp| 0.00e+00, mean 0.00e+00; E==D text True; tps C 15.45 E 15.03 D 14.86
01:59:44 paseo cold C: 18.193972557424733
02:00:00 paseo warm 0 mode C: 18.034 tok/s gen 264.0 draft 200.0 acc 163.0 steps 100.0 cached 4029.0
02:00:16 paseo warm 1 mode D: 18.161 tok/s gen 264.0 draft 200.0 acc 163.0 steps 100.0 cached 4029.0
02:00:32 paseo warm 2 mode E: 18.054 tok/s gen 264.0 draft 200.0 acc 163.0 steps 100.0 cached 4029.0
02:00:49 paseo warm 3 mode E: 18.172 tok/s gen 264.0 draft 200.0 acc 163.0 steps 100.0 cached 4029.0
02:01:05 paseo warm 4 mode D: 18.174 tok/s gen 264.0 draft 200.0 acc 163.0 steps 100.0 cached 4029.0
02:01:21 paseo warm 5 mode C: 17.996 tok/s gen 264.0 draft 200.0 acc 163.0 steps 100.0 cached 4029.0
02:01:38 paseo warm 6 mode C: 17.869 tok/s gen 264.0 draft 200.0 acc 163.0 steps 100.0 cached 4029.0
02:01:54 paseo warm 7 mode D: 17.850 tok/s gen 264.0 draft 200.0 acc 163.0 steps 100.0 cached 4029.0
02:02:10 paseo warm 8 mode E: 18.131 tok/s gen 264.0 draft 200.0 acc 163.0 steps 100.0 cached 4029.0
02:02:26 paseo warm 9 mode E: 18.128 tok/s gen 264.0 draft 200.0 acc 163.0 steps 100.0 cached 4029.0
02:02:42 paseo warm 10 mode D: 18.198 tok/s gen 264.0 draft 200.0 acc 163.0 steps 100.0 cached 4029.0
02:02:58 paseo warm 11 mode C: 18.124 tok/s gen 264.0 draft 200.0 acc 163.0 steps 100.0 cached 4029.0
02:03:15 paseo warm 12 mode A: 16.530 tok/s gen 256.0 draft 196.0 acc 157.0 steps 98.0 cached 4029.0
02:03:56 native mode C: 15.02 / 14.93 / 16.52  acc 98/183 / 98/186 / 106/168
02:04:37 native mode E: 14.77 / 15.00 / 17.09  acc 96/187 / 98/185 / 106/168
02:05:16 native mode E: 16.04 / 15.17 / 16.85  acc 102/176 / 98/185 / 106/168
02:05:55 native mode C: 15.77 / 15.02 / 16.66  acc 102/176 / 98/185 / 106/168
02:05:55 restoring production
02:10:00 production healthy: True window 1160s
02:10:00 SUMMARY warm mode A: mean 16.530 tok/s  n=1  [16.53]
02:10:00 SUMMARY warm mode C: mean 18.006 tok/s  n=4  [18.03, 18.00, 17.87, 18.12]
02:10:00 SUMMARY warm mode D: mean 18.096 tok/s  n=4  [18.16, 18.17, 17.85, 18.20]
02:10:00 SUMMARY warm mode E: mean 18.121 tok/s  n=4  [18.05, 18.17, 18.13, 18.13]
