06:11:27 stopping production
06:15:59 healthy after 215s
06:17:11 paseo sampled cold: 19.355160960015983
06:17:27 paseo sampled 0: 18.381 tok/s gen 268.0 acc 161.0/216.0 = 0.745
06:17:42 paseo sampled 1: 18.510 tok/s gen 251.0 acc 150.0/202.0 = 0.743
06:17:58 paseo sampled 2: 18.724 tok/s gen 277.0 acc 167.0/220.0 = 0.759
06:18:14 paseo sampled 3: 18.243 tok/s gen 283.0 acc 167.0/230.0 = 0.726
06:18:29 paseo sampled 4: 18.719 tok/s gen 258.0 acc 155.0/204.0 = 0.760
06:18:45 paseo sampled 5: 18.763 tok/s gen 276.0 acc 166.0/218.0 = 0.761
06:19:02 paseo sampled 6: 18.100 tok/s gen 269.0 acc 158.0/220.0 = 0.718
06:19:20 paseo sampled 7: 18.040 tok/s gen 313.0 acc 184.0/258.0 = 0.713
06:19:35 paseo sampled 8: 18.529 tok/s gen 254.0 acc 152.0/204.0 = 0.745
06:19:52 paseo sampled 9: 18.322 tok/s gen 286.0 acc 171.0/230.0 = 0.743
06:20:07 paseo sampled 10: 19.919 tok/s gen 270.0 acc 169.0/202.0 = 0.837
06:20:22 paseo sampled 11: 19.404 tok/s gen 267.0 acc 166.0/204.0 = 0.814
06:20:38 paseo sampled 12: 18.950 tok/s gen 269.0 acc 164.0/208.0 = 0.788
06:20:52 paseo sampled 13: 19.690 tok/s gen 257.0 acc 159.0/194.0 = 0.820
06:21:12 native sampled 0: 17.025 tok/s acc 170/297
06:21:31 native sampled 1: 17.905 tok/s acc 178/281
06:21:50 native sampled 2: 18.053 tok/s acc 177/283
06:22:09 native sampled 3: 17.882 tok/s acc 178/281
06:22:27 native sampled 4: 18.462 tok/s acc 181/276
06:22:48 native sampled 5: 16.609 tok/s acc 167/302
06:23:05 native sampled 6: 20.078 tok/s acc 193/252
06:23:24 native sampled 7: 17.542 tok/s acc 178/279
06:23:24 restoring production
06:27:33 couple log lines: 12142
06:27:33 SUMMARY sampled fixture: mean 18.735 n=14 acceptance 0.760
06:27:33 production healthy: True window 966s
