02:31:55 stopping proxy (if any) and production
02:32:21 loading candidate on 18141
02:36:30 healthy after 216s
02:36:30 mapped libs: validated-chunk16-bin/libggml.so.0.22.0 validated-chunk16-bin/libllama-server-impl.so validated-chunk16-bin/libmtmd.so.0.3.0 glm-fix/libggml-base.so.0.22.0 deploy/libllama.so.0.3.0 build-pad/libllama-common.so.0.3.0 build/libggml-cpu.so.0.22.0
02:37:18 battery agreement D vs G: 10 / 10
02:37:34 probs short: D-vs-G common prefix 64/64, max|dlogp| 0.00e+00, mean 0.00e+00; G==H text True; tps D 13.63 G 13.92 H 13.89
02:39:51 probs long: D-vs-G common prefix 64/64, max|dlogp| 0.00e+00, mean 0.00e+00; G==H text True; tps D 14.51 G 14.98 H 14.82
02:41:03 paseo cold D: 17.78544288447546
02:41:20 paseo warm 0 mode D: 17.877 tok/s gen 264.0 draft 200.0 acc 163.0 steps 100.0 cached 4029.0
02:41:36 paseo warm 1 mode G: 18.002 tok/s gen 266.0 draft 204.0 acc 163.0 steps 102.0 cached 4029.0
02:41:52 paseo warm 2 mode H: 18.117 tok/s gen 264.0 draft 200.0 acc 163.0 steps 100.0 cached 4029.0
02:42:09 paseo warm 3 mode H: 18.049 tok/s gen 266.0 draft 204.0 acc 163.0 steps 102.0 cached 4029.0
02:42:24 paseo warm 4 mode G: 18.333 tok/s gen 264.0 draft 200.0 acc 163.0 steps 100.0 cached 4029.0
02:42:41 paseo warm 5 mode D: 17.807 tok/s gen 264.0 draft 200.0 acc 163.0 steps 100.0 cached 4029.0
02:42:57 paseo warm 6 mode D: 17.822 tok/s gen 264.0 draft 200.0 acc 163.0 steps 100.0 cached 4029.0
02:43:13 paseo warm 7 mode G: 18.172 tok/s gen 266.0 draft 204.0 acc 163.0 steps 102.0 cached 4029.0
02:43:29 paseo warm 8 mode H: 18.285 tok/s gen 264.0 draft 200.0 acc 163.0 steps 100.0 cached 4029.0
02:43:45 paseo warm 9 mode H: 18.051 tok/s gen 266.0 draft 204.0 acc 163.0 steps 102.0 cached 4029.0
02:44:02 paseo warm 10 mode G: 18.105 tok/s gen 264.0 draft 200.0 acc 163.0 steps 100.0 cached 4029.0
02:44:18 paseo warm 11 mode D: 17.535 tok/s gen 264.0 draft 200.0 acc 163.0 steps 100.0 cached 4029.0
02:44:35 paseo warm 12 mode E: 17.912 tok/s gen 264.0 draft 200.0 acc 163.0 steps 100.0 cached 4029.0
02:45:16 native mode D: 14.84 / 14.76 / 16.41  acc 98/183 / 98/185 / 106/168
02:45:55 native mode G: 16.11 / 15.27 / 16.98  acc 102/176 / 98/185 / 106/168
02:46:34 native mode G: 16.22 / 15.57 / 17.32  acc 102/176 / 98/185 / 106/168
02:47:13 native mode D: 15.69 / 14.91 / 16.65  acc 102/176 / 98/185 / 106/168
02:47:13 restoring production
02:51:22 production healthy: True window 1167s
02:51:22 SUMMARY warm mode D: mean 17.760 tok/s  n=4  [17.88, 17.81, 17.82, 17.53]
02:51:22 SUMMARY warm mode E: mean 17.912 tok/s  n=1  [17.91]
02:51:22 SUMMARY warm mode G: mean 18.153 tok/s  n=4  [18.00, 18.33, 18.17, 18.10]
02:51:22 SUMMARY warm mode H: mean 18.125 tok/s  n=4  [18.12, 18.05, 18.29, 18.05]
