04:31:09 stopping proxy (if any) and production
04:31:33 loading candidate on 18141
04:35:41 GOMP_SPINCOUNT = 20000
04:35:41 healthy after 215s
04:35:41 mapped libs: validated-chunk16-bin/libggml.so.0.22.0 validated-chunk16-bin/libllama-server-impl.so validated-chunk16-bin/libmtmd.so.0.3.0 glm-fix/libggml-base.so.0.22.0 deploy/libllama.so.0.3.0 build-couple/libllama-common.so.0.3.0 deploy-0920b/libggml-cpu.so.0.22.0
04:36:54 paseo greedy cold G: 18.49397201815963 hash 424f201528
04:37:10 paseo greedy 0 mode G: 18.813 tok/s gen 281.0 acc 175.0/214.0 steps 107.0 hash 424f201528
04:37:27 paseo greedy 1 mode S: 19.106 tok/s gen 281.0 acc 175.0/214.0 steps 107.0 hash 424f201528
04:37:43 paseo greedy 2 mode S: 19.115 tok/s gen 281.0 acc 175.0/214.0 steps 107.0 hash 424f201528
04:37:59 paseo greedy 3 mode G: 18.838 tok/s gen 281.0 acc 175.0/214.0 steps 107.0 hash 424f201528
04:38:16 paseo greedy 4 mode K: 19.058 tok/s gen 281.0 acc 175.0/214.0 steps 107.0 hash 424f201528
04:38:32 paseo greedy 5 mode G: 18.786 tok/s gen 281.0 acc 175.0/214.0 steps 107.0 hash 424f201528
04:38:52 seeded sampled short: T acc 84/148 16.60 tok/s | K acc 92/132 18.52 tok/s | text IDENTICAL
04:39:12 seeded sampled essay: T acc 92/132 18.51 tok/s | K acc 90/136 18.06 tok/s | text IDENTICAL
04:39:28 paseo sampled 0 mode S: 17.519 tok/s gen 257.0 acc 150.0/212.0 = 0.708 steps 106.0
04:39:45 paseo sampled 1 mode K: 18.624 tok/s gen 285.0 acc 172.0/224.0 = 0.768 steps 112.0
04:40:01 paseo sampled 2 mode K: 18.401 tok/s gen 266.0 acc 161.0/210.0 = 0.767 steps 105.0
04:40:17 paseo sampled 3 mode S: 18.152 tok/s gen 268.0 acc 160.0/216.0 = 0.741 steps 108.0
04:40:34 paseo sampled 4 mode T: 17.737 tok/s gen 282.0 acc 165.0/232.0 = 0.711 steps 116.0
04:40:49 paseo sampled 5 mode K: 18.702 tok/s gen 262.0 acc 160.0/204.0 = 0.784 steps 102.0
04:41:07 paseo sampled 6 mode S: 17.804 tok/s gen 283.0 acc 166.0/232.0 = 0.716 steps 116.0
04:41:23 paseo sampled 7 mode K: 17.876 tok/s gen 268.0 acc 159.0/216.0 = 0.736 steps 108.0
04:41:40 paseo sampled 8 mode K: 17.948 tok/s gen 271.0 acc 161.0/218.0 = 0.739 steps 109.0
04:41:56 paseo sampled 9 mode S: 18.045 tok/s gen 261.0 acc 157.0/210.0 = 0.748 steps 105.0
04:42:12 paseo sampled 10 mode T: 17.868 tok/s gen 265.0 acc 157.0/216.0 = 0.727 steps 108.0
04:42:29 paseo sampled 11 mode K: 18.374 tok/s gen 276.0 acc 166.0/220.0 = 0.755 steps 110.0
04:42:45 paseo sampled 12 mode S: 17.879 tok/s gen 269.0 acc 158.0/220.0 = 0.718 steps 110.0
04:43:02 paseo sampled 13 mode K: 18.101 tok/s gen 268.0 acc 159.0/216.0 = 0.736 steps 108.0
04:43:18 paseo sampled 14 mode K: 17.615 tok/s gen 256.0 acc 150.0/212.0 = 0.708 steps 106.0
04:43:36 paseo sampled 15 mode S: 17.249 tok/s gen 277.0 acc 159.0/234.0 = 0.679 steps 117.0
04:43:52 paseo sampled 16 mode T: 18.367 tok/s gen 267.0 acc 161.0/212.0 = 0.759 steps 106.0
04:44:07 paseo sampled 17 mode K: 18.371 tok/s gen 254.0 acc 153.0/200.0 = 0.765 steps 100.0
04:44:24 paseo sampled 18 mode S: 18.140 tok/s gen 273.0 acc 162.0/220.0 = 0.736 steps 110.0
04:44:41 paseo sampled 19 mode K: 17.753 tok/s gen 271.0 acc 158.0/224.0 = 0.705 steps 112.0
04:44:57 paseo sampled 20 mode K: 18.908 tok/s gen 274.0 acc 167.0/212.0 = 0.788 steps 106.0
04:45:14 paseo sampled 21 mode S: 18.357 tok/s gen 293.0 acc 176.0/234.0 = 0.752 steps 117.0
04:45:45 phase (greedy, native prompt):
mode  7: tg 15.412  cycle 129.11 ms | target total 113.72 (compute 113.67, reused 96/97) | draft graphs/cycle 1.98 total/cycle 11.31 (compute 11.20, prepare 0.04) | outside graphs 4.09
mode 103: tg 15.530  cycle 127.77 ms | target total 113.97 (compute 113.92, reused 96/97) | draft graphs/cycle 1.98 total/cycle 11.41 (compute 11.30, prepare 0.04) | outside graphs 2.38
04:45:45 restoring production
04:49:55 production healthy: True window 1125s
04:49:55 SUMMARY greedy mode G: mean 18.812 tok/s  n=3  acceptance 525.0/642.0 = 0.818  [18.81, 18.84, 18.79]
04:49:55 SUMMARY greedy mode K: mean 19.058 tok/s  n=1  acceptance 175.0/214.0 = 0.818  [19.06]
04:49:55 SUMMARY greedy mode S: mean 19.110 tok/s  n=2  acceptance 350.0/428.0 = 0.818  [19.11, 19.11]
04:49:55 SUMMARY sampled mode K: mean 18.243 tok/s  n=11  acceptance 1766.0/2356.0 = 0.750  [18.62, 18.40, 18.70, 17.88, 17.95, 18.37, 18.10, 17.62, 18.37, 17.75, 18.91]
04:49:55 SUMMARY sampled mode S: mean 17.893 tok/s  n=8  acceptance 1288.0/1778.0 = 0.724  [17.52, 18.15, 17.80, 18.04, 17.88, 17.25, 18.14, 18.36]
04:49:55 SUMMARY sampled mode T: mean 17.991 tok/s  n=3  acceptance 483.0/660.0 = 0.732  [17.74, 17.87, 18.37]
