20:55:38 4.337 characters per token; 16 turns of ~8192 tokens; generating 192 per pass
20:56:20 turn  1 sampled depth    8072 (cached    7044, prefilled   1028 at 52.71 tok/s, 19.5 s) | decode 17.67 tok/s = 2.37 tok/cycle / 134.16 ms per cycle | mem 282.5 GiB
20:56:42 turn  1 greedy  depth    8072 (cached    8068, prefilled      4 at 9.05 tok/s, 0.44 s) | decode 16.79 tok/s = 2.259 tok/cycle / 134.55 ms per cycle | mem 282.3 GiB
21:00:00 turn  2 sampled depth   16686 (cached    8068, prefilled   8618 at 46.07 tok/s, 187.05 s) | decode 18.55 tok/s = 2.833 tok/cycle / 152.78 ms per cycle | mem 282.6 GiB
21:00:11 turn  2 greedy  depth   16686 (cached   16682, prefilled      4 at 8.91 tok/s, 0.45 s) | decode 19.53 tok/s = 2.5 tok/cycle / 127.99 ms per cycle | mem 282.5 GiB
21:04:12 turn  3 sampled depth   25054 (cached   16695, prefilled   8359 at 36.23 tok/s, 230.73 s) | decode 19.07 tok/s = 2.5 tok/cycle / 131.07 ms per cycle | mem 282.8 GiB
21:04:23 turn  3 greedy  depth   25054 (cached   25050, prefilled      4 at 8.96 tok/s, 0.45 s) | decode 19.2 tok/s = 2.5 tok/cycle / 130.22 ms per cycle | mem 282.7 GiB
21:09:10 turn  4 sampled depth   33404 (cached   25063, prefilled   8341 at 30.2 tok/s, 276.22 s) | decode 19.26 tok/s = 2.5 tok/cycle / 129.79 ms per cycle | mem 283.0 GiB
21:09:21 turn  4 greedy  depth   33404 (cached   33400, prefilled      4 at 8.41 tok/s, 0.48 s) | decode 19.09 tok/s = 2.5 tok/cycle / 130.97 ms per cycle | mem 282.9 GiB
21:14:43 turn  5 sampled depth   41629 (cached   33413, prefilled   8216 at 26.43 tok/s, 310.89 s) | decode 18.4 tok/s = 2.5 tok/cycle / 135.9 ms per cycle | mem 283.2 GiB
21:14:54 turn  5 greedy  depth   41629 (cached   41625, prefilled      4 at 8.42 tok/s, 0.48 s) | decode 18.31 tok/s = 2.5 tok/cycle / 136.55 ms per cycle | mem 283.1 GiB
21:21:27 turn  6 sampled depth   50390 (cached   41638, prefilled   8752 at 22.92 tok/s, 381.86 s) | decode 17.48 tok/s = 2.5 tok/cycle / 143.0 ms per cycle | mem 283.9 GiB
21:21:38 turn  6 greedy  depth   50390 (cached   50386, prefilled      4 at 8.13 tok/s, 0.49 s) | decode 17.68 tok/s = 2.5 tok/cycle / 141.36 ms per cycle | mem 283.7 GiB
21:27:53 turn  7 sampled depth   58382 (cached   50399, prefilled   7983 at 22.82 tok/s, 349.76 s) | decode 12.28 tok/s = 2.182 tok/cycle / 177.74 ms per cycle | mem 284.5 GiB
21:28:04 turn  7 greedy  depth   58382 (cached   58378, prefilled      4 at 7.65 tok/s, 0.52 s) | decode 16.96 tok/s = 2.5 tok/cycle / 147.4 ms per cycle | mem 284.3 GiB
21:34:13 turn  8 sampled depth   66524 (cached   58391, prefilled   8133 at 22.71 tok/s, 358.05 s) | decode 16.42 tok/s = 2.5 tok/cycle / 152.29 ms per cycle | mem 286.9 GiB
21:34:24 turn  8 greedy  depth   66524 (cached   66520, prefilled      4 at 7.27 tok/s, 0.55 s) | decode 16.01 tok/s = 2.5 tok/cycle / 156.16 ms per cycle | mem 286.7 GiB
21:40:25 turn  9 sampled depth   74342 (cached   66533, prefilled   7809 at 22.35 tok/s, 349.4 s) | decode 15.08 tok/s = 2.5 tok/cycle / 165.75 ms per cycle | mem 287.6 GiB
21:40:36 turn  9 greedy  depth   74342 (cached   74338, prefilled      4 at 6.72 tok/s, 0.6 s) | decode 15.21 tok/s = 2.5 tok/cycle / 164.41 ms per cycle | mem 287.4 GiB
21:47:22 turn 10 sampled depth   82194 (cached   74351, prefilled   7843 at 19.83 tok/s, 395.5 s) | decode 14.58 tok/s = 2.5 tok/cycle / 171.5 ms per cycle | mem 288.2 GiB
21:47:34 turn 10 greedy  depth   82194 (cached   82190, prefilled      4 at 6.44 tok/s, 0.62 s) | decode 14.54 tok/s = 2.5 tok/cycle / 171.95 ms per cycle | mem 288.0 GiB
21:54:45 turn 11 sampled depth   89974 (cached   82203, prefilled   7771 at 18.47 tok/s, 420.69 s) | decode 15.13 tok/s = 2.5 tok/cycle / 165.26 ms per cycle | mem 288.9 GiB
21:54:57 turn 11 greedy  depth   89974 (cached   89970, prefilled      4 at 6.63 tok/s, 0.6 s) | decode 15.09 tok/s = 2.5 tok/cycle / 165.65 ms per cycle | mem 288.7 GiB
22:02:40 turn 12 sampled depth   97685 (cached   89983, prefilled   7702 at 17.02 tok/s, 452.61 s) | decode 14.27 tok/s = 2.5 tok/cycle / 175.13 ms per cycle | mem 289.6 GiB
22:02:52 turn 12 greedy  depth   97685 (cached   97681, prefilled      4 at 6.24 tok/s, 0.64 s) | decode 14.29 tok/s = 2.5 tok/cycle / 175.0 ms per cycle | mem 289.3 GiB
22:10:45 turn 13 sampled depth  105394 (cached   97694, prefilled   7700 at 16.63 tok/s, 462.92 s) | decode 13.89 tok/s = 2.5 tok/cycle / 180.04 ms per cycle | mem 290.2 GiB
22:10:57 turn 13 greedy  depth  105394 (cached  105390, prefilled      4 at 6.01 tok/s, 0.67 s) | decode 13.83 tok/s = 2.5 tok/cycle / 180.72 ms per cycle | mem 290.0 GiB
22:19:04 turn 14 sampled depth  113015 (cached  105403, prefilled   7612 at 15.98 tok/s, 476.38 s) | decode 13.65 tok/s = 2.5 tok/cycle / 183.1 ms per cycle | mem 290.9 GiB
22:19:16 turn 14 greedy  depth  113015 (cached  113011, prefilled      4 at 5.89 tok/s, 0.68 s) | decode 13.58 tok/s = 2.5 tok/cycle / 184.09 ms per cycle | mem 290.7 GiB
22:27:34 turn 15 sampled depth  120279 (cached  113024, prefilled   7255 at 14.9 tok/s, 487.01 s) | decode 13.53 tok/s = 2.5 tok/cycle / 184.74 ms per cycle | mem 291.6 GiB
22:27:45 turn 15 greedy  depth  120279 (cached  120275, prefilled      4 at 5.92 tok/s, 0.68 s) | decode 13.55 tok/s = 2.5 tok/cycle / 184.45 ms per cycle | mem 291.3 GiB
22:37:18 turn 16 sampled depth  128416 (cached  120288, prefilled   8128 at 14.48 tok/s, 561.38 s) | decode 12.72 tok/s = 2.5 tok/cycle / 196.53 ms per cycle | mem 292.3 GiB
22:37:29 turn 16 greedy  depth  128416 (cached  128412, prefilled      4 at 5.34 tok/s, 0.75 s) | decode 12.36 tok/s = 2.5 tok/cycle / 202.28 ms per cycle | mem 292.1 GiB
22:37:29 done
