14:57:09 4.337 characters per token; 16 turns of ~8192 tokens; generating 192 per pass
14:59:02 turn  1 sampled depth    8072 (cached    2214, prefilled   5858 at 63.92 tok/s, 91.64 s) | decode 16.47 tok/s = 2.233 tok/cycle / 135.58 ms per cycle | mem 279.4 GiB
14:59:24 turn  1 greedy  depth    8072 (cached    8068, prefilled      4 at 9.84 tok/s, 0.41 s) | decode 16.84 tok/s = 2.207 tok/cycle / 131.02 ms per cycle | mem 279.4 GiB
15:02:40 turn  2 sampled depth   16686 (cached    8068, prefilled   8618 at 46.66 tok/s, 184.71 s) | decode 18.8 tok/s = 2.75 tok/cycle / 146.31 ms per cycle | mem 280.6 GiB
15:02:51 turn  2 greedy  depth   16686 (cached   16682, prefilled      4 at 9.34 tok/s, 0.43 s) | decode 19.12 tok/s = 2.5 tok/cycle / 130.77 ms per cycle | mem 280.5 GiB
15:06:56 turn  3 sampled depth   25054 (cached   16695, prefilled   8359 at 35.69 tok/s, 234.21 s) | decode 19.17 tok/s = 2.5 tok/cycle / 130.43 ms per cycle | mem 281.2 GiB
15:07:07 turn  3 greedy  depth   25054 (cached   25050, prefilled      4 at 9.36 tok/s, 0.43 s) | decode 19.59 tok/s = 2.5 tok/cycle / 127.63 ms per cycle | mem 281.0 GiB
15:12:12 turn  4 sampled depth   33404 (cached   25063, prefilled   8341 at 29.11 tok/s, 286.52 s) | decode 13.91 tok/s = 2.327 tok/cycle / 167.26 ms per cycle | mem 282.8 GiB
15:12:23 turn  4 greedy  depth   33404 (cached   33400, prefilled      4 at 8.07 tok/s, 0.5 s) | decode 17.67 tok/s = 2.5 tok/cycle / 141.44 ms per cycle | mem 282.7 GiB
15:17:55 turn  5 sampled depth   41629 (cached   33413, prefilled   8216 at 25.57 tok/s, 321.31 s) | decode 17.33 tok/s = 2.5 tok/cycle / 144.27 ms per cycle | mem 283.4 GiB
15:18:06 turn  5 greedy  depth   41629 (cached   41625, prefilled      4 at 7.85 tok/s, 0.51 s) | decode 17.58 tok/s = 2.5 tok/cycle / 142.24 ms per cycle | mem 283.3 GiB
15:24:40 turn  6 sampled depth   50390 (cached   41638, prefilled   8752 at 22.87 tok/s, 382.68 s) | decode 17.1 tok/s = 2.5 tok/cycle / 146.18 ms per cycle | mem 284.1 GiB
15:24:51 turn  6 greedy  depth   50390 (cached   50386, prefilled      4 at 7.51 tok/s, 0.53 s) | decode 16.84 tok/s = 2.5 tok/cycle / 148.46 ms per cycle | mem 283.9 GiB
15:30:47 turn  7 sampled depth   58382 (cached   50399, prefilled   7983 at 23.08 tok/s, 345.87 s) | decode 17.36 tok/s = 2.5 tok/cycle / 143.99 ms per cycle | mem 284.7 GiB
15:30:59 turn  7 greedy  depth   58382 (cached   58378, prefilled      4 at 7.71 tok/s, 0.52 s) | decode 17.34 tok/s = 2.5 tok/cycle / 144.21 ms per cycle | mem 284.5 GiB
15:37:00 turn  8 sampled depth   66524 (cached   58391, prefilled   8133 at 23.19 tok/s, 350.77 s) | decode 16.44 tok/s = 2.5 tok/cycle / 152.11 ms per cycle | mem 287.2 GiB
15:37:11 turn  8 greedy  depth   66524 (cached   66520, prefilled      4 at 7.16 tok/s, 0.56 s) | decode 15.52 tok/s = 2.5 tok/cycle / 161.11 ms per cycle | mem 287.0 GiB
15:43:12 turn  9 sampled depth   74342 (cached   66533, prefilled   7809 at 22.34 tok/s, 349.51 s) | decode 15.44 tok/s = 2.5 tok/cycle / 161.88 ms per cycle | mem 287.8 GiB
15:43:23 turn  9 greedy  depth   74342 (cached   74338, prefilled      4 at 6.59 tok/s, 0.61 s) | decode 14.7 tok/s = 2.5 tok/cycle / 170.03 ms per cycle | mem 287.6 GiB
15:50:19 turn 10 sampled depth   82194 (cached   74351, prefilled   7843 at 20.18 tok/s, 388.61 s) | decode 10.99 tok/s = 2.207 tok/cycle / 200.9 ms per cycle | mem 288.5 GiB
15:50:31 turn 10 greedy  depth   82194 (cached   82190, prefilled      4 at 6.19 tok/s, 0.65 s) | decode 14.79 tok/s = 2.5 tok/cycle / 169.02 ms per cycle | mem 288.3 GiB
15:57:43 turn 11 sampled depth   89974 (cached   82203, prefilled   7771 at 18.44 tok/s, 421.35 s) | decode 13.89 tok/s = 2.5 tok/cycle / 180.04 ms per cycle | mem 289.2 GiB
15:57:54 turn 11 greedy  depth   89974 (cached   89970, prefilled      4 at 6.04 tok/s, 0.66 s) | decode 14.02 tok/s = 2.5 tok/cycle / 178.29 ms per cycle | mem 288.9 GiB
16:05:50 turn 12 sampled depth   97685 (cached   89983, prefilled   7702 at 16.57 tok/s, 464.8 s) | decode 14.8 tok/s = 2.5 tok/cycle / 168.97 ms per cycle | mem 289.8 GiB
16:06:02 turn 12 greedy  depth   97685 (cached   97681, prefilled      4 at 6.25 tok/s, 0.64 s) | decode 14.33 tok/s = 2.5 tok/cycle / 174.47 ms per cycle | mem 289.6 GiB
16:13:57 turn 13 sampled depth  105394 (cached   97694, prefilled   7700 at 16.57 tok/s, 464.75 s) | decode 13.71 tok/s = 2.5 tok/cycle / 182.31 ms per cycle | mem 290.5 GiB
16:14:09 turn 13 greedy  depth  105394 (cached  105390, prefilled      4 at 5.81 tok/s, 0.69 s) | decode 13.96 tok/s = 2.5 tok/cycle / 179.11 ms per cycle | mem 290.3 GiB
16:22:23 turn 14 sampled depth  113015 (cached  105403, prefilled   7612 at 15.75 tok/s, 483.39 s) | decode 13.37 tok/s = 2.5 tok/cycle / 186.96 ms per cycle | mem 291.2 GiB
16:22:35 turn 14 greedy  depth  113015 (cached  113011, prefilled      4 at 5.83 tok/s, 0.69 s) | decode 13.62 tok/s = 2.5 tok/cycle / 183.5 ms per cycle | mem 291.0 GiB
16:30:46 turn 15 sampled depth  120279 (cached  113024, prefilled   7255 at 15.1 tok/s, 480.52 s) | decode 13.2 tok/s = 2.5 tok/cycle / 189.42 ms per cycle | mem 291.9 GiB
16:30:58 turn 15 greedy  depth  120279 (cached  120275, prefilled      4 at 5.75 tok/s, 0.7 s) | decode 13.29 tok/s = 2.5 tok/cycle / 188.06 ms per cycle | mem 291.6 GiB
16:40:32 turn 16 sampled depth  128416 (cached  120288, prefilled   8128 at 14.51 tok/s, 560.06 s) | decode 10.78 tok/s = 2.556 tok/cycle / 237.04 ms per cycle | mem 292.6 GiB
16:40:44 turn 16 greedy  depth  128416 (cached  128412, prefilled      4 at 5.57 tok/s, 0.72 s) | decode 12.62 tok/s = 2.5 tok/cycle / 198.11 ms per cycle | mem 292.3 GiB
16:40:44 done
